[gointerstellar.app/index.html]
[gointerstellar.app/assets/scripts/home.js]
[gointerstellar.app/favicon.png]
[backblue.gif]
[fade.gif]
[index.html]
[gointerstellar.app/assets/styles/main.css]
[gointerstellar.app/assets/styles/home.css]
[gointerstellar.app/assets/styles/theme/solid/default.css]
[kit.fontawesome.com/1237c86ba0.js]
[gointerstellar.app/main.png]
[gointerstellar.app/events.html]
[gointerstellar.app/news.html]
[gointerstellar.app/local-news.html]
[gointerstellar.app/diagnostic.html]
[cdn.jsdelivr.net/particles.js/2.0.0/particles.min.js]
[gointerstellar.app/assets/scripts/index.js]
[gointerstellar.app/contact/bundle.js]
[gointerstellar.app/contact/config.js]
[gointerstellar.app/assets/scripts/global.js]
[gointerstellar.app/index.html]
[gointerstellar.app/assets/styles/main.css]
[gointerstellar.app/assets/scripts/settings.js]
[gointerstellar.app/assets/styles/home.css]
[gointerstellar.app/assets/styles/theme/solid/default.css]
[gointerstellar.app/assets/styles/theme/solid/default3860.css]
[gointerstellar.app/assets/scripts/g.js]
[gointerstellar.app/events.html]
[gointerstellar.app/assets/scripts/global3860.js]
[gointerstellar.app/news.html]
[gointerstellar.app/assets/scripts/apps3860.js]
[gointerstellar.app/assets/styles/tab.css]
[gointerstellar.app/assets/styles/tabinner.css]
[gointerstellar.app/assets/scripts/tabs.js]
[gointerstellar.app/local-news.html]
[gointerstellar.app/sw.js]
[gointerstellar.app/diagnostic.html]
[gointerstellar.app/assets/assets/media/icons/gfn.html]
[gointerstellar.app/assets/assets/media/icons/roblox.html]
[gointerstellar.app/assets/assets/media/icons/discord.html]
[gointerstellar.app/assets/assets/media/icons/mc.html]
[gointerstellar.app/assets/assets/media/icons/youtube.html]
[gointerstellar.app/assets/assets/media/icons/tiktok.html]
[gointerstellar.app/assets/styles/theme/solid/default3860.css]
[gointerstellar.app/assets/styles/tab.css]
[gointerstellar.app/assets/styles/tabinner.css]
[gointerstellar.app/assets/styles/settings.css]
[gointerstellar.app/assets/styles/settings.css]
